            next_test            
---------------------------------
 Test starting: function_is_date
(1 row)

 res 
-----
 t
(1 row)

 res 
-----
 t
(1 row)

 res 
-----
 t
(1 row)

 res 
-----
 t
(1 row)

 res 
-----
 t
(1 row)

 res 
-----
 t
(1 row)

            next_test            
---------------------------------
 Test starting: function_is_time
(1 row)

 res 
-----
 t
(1 row)

 res 
-----
 t
(1 row)

 res 
-----
 t
(1 row)

 res 
-----
 t
(1 row)

 res 
-----
 t
(1 row)

 res 
-----
 t
(1 row)

 res 
-----
 t
(1 row)

              next_test               
--------------------------------------
 Test starting: function_is_timestamp
(1 row)

 res 
-----
 t
(1 row)

 res 
-----
 t
(1 row)

 res 
-----
 t
(1 row)

 res 
-----
 t
(1 row)

 res 
-----
 t
(1 row)

 res 
-----
 t
(1 row)

 res 
-----
 
(1 row)

             next_test              
------------------------------------
 Test starting: function_is_numeric
(1 row)

 res 
-----
 t
(1 row)

 res 
-----
 t
(1 row)

 res 
-----
 t
(1 row)

 res 
-----
 t
(1 row)

             next_test             
-----------------------------------
 Test starting: function_is_bigint
(1 row)

 res 
-----
 t
(1 row)

 res 
-----
 t
(1 row)

 res 
-----
 t
(1 row)

 res 
-----
 t
(1 row)

             next_test              
------------------------------------
 Test starting: function_is_integer
(1 row)

 res 
-----
 t
(1 row)

 res 
-----
 t
(1 row)

 res 
-----
 t
(1 row)

 res 
-----
 t
(1 row)

              next_test              
-------------------------------------
 Test starting: function_is_smallint
(1 row)

 res 
-----
 t
(1 row)

 res 
-----
 t
(1 row)

 res 
-----
 t
(1 row)

 res 
-----
 t
(1 row)

            next_test            
---------------------------------
 Test starting: function_is_real
(1 row)

 res 
-----
 t
(1 row)

 res 
-----
 t
(1 row)

 res 
-----
 t
(1 row)

 res 
-----
 t
(1 row)

                  next_test                  
---------------------------------------------
 Test starting: function_is_double_precision
(1 row)

 res 
-----
 t
(1 row)

 res 
-----
 t
(1 row)

 res 
-----
 t
(1 row)

 res 
-----
 t
(1 row)

             next_test              
------------------------------------
 Test starting: function_is_boolean
(1 row)

 res 
-----
 t
(1 row)

 res 
-----
 t
(1 row)

 res 
-----
 t
(1 row)

 res 
-----
 t
(1 row)

 res 
-----
 t
(1 row)

 res 
-----
 t
(1 row)

            next_test            
---------------------------------
 Test starting: function_is_json
(1 row)

 res 
-----
 t
(1 row)

 res 
-----
 t
(1 row)

 res 
-----
 t
(1 row)

            next_test             
----------------------------------
 Test starting: function_is_jsonb
(1 row)

 res 
-----
 t
(1 row)

 res 
-----
 t
(1 row)

 res 
-----
 t
(1 row)

            next_test            
---------------------------------
 Test starting: function_is_uuid
(1 row)

 res 
-----
 t
(1 row)

 res 
-----
 t
(1 row)

 res 
-----
 t
(1 row)

           next_test            
--------------------------------
 Test starting: function_sha256
(1 row)

               next_test                
----------------------------------------
 Test starting: function_pg_schema_size
(1 row)

 res 
-----
 t
(1 row)

 res 
-----
 t
(1 row)

            next_test            
---------------------------------
 Test starting: view_pg_db_views
(1 row)

 res 
-----
 t
(1 row)

 res 
-----
 t
(1 row)

              next_test              
-------------------------------------
 Test starting: view_pg_foreign_keys
(1 row)

 res 
-----
 t
(1 row)

 res 
-----
 t
(1 row)

            next_test             
----------------------------------
 Test starting: view_pg_functions
(1 row)

                 next_test                  
--------------------------------------------
 Test starting: view_pg_table_matview_infos
(1 row)

 res 
-----
 t
(1 row)

 res 
-----
 t
(1 row)

                    next_test                    
-------------------------------------------------
 Test starting: view_pg_partitioned_tables_infos
(1 row)

              next_test              
-------------------------------------
 Test starting: function_is_encoding
(1 row)

 res 
-----
 t
(1 row)

 res 
-----
 t
(1 row)

 res 
-----
 t
(1 row)

 res 
-----
 t
(1 row)

 res 
-----
 t
(1 row)

 res 
-----
 t
(1 row)

             next_test             
-----------------------------------
 Test starting: function_is_latin1
(1 row)

 res 
-----
 t
(1 row)

 res 
-----
 t
(1 row)

 res 
-----
 t
(1 row)

                     next_test                     
---------------------------------------------------
 Test starting: function_return_not_part_of_latin1
(1 row)

 res 
-----
 t
(1 row)

 res_1 | res_2 
-------+-------
 t     | t
(1 row)

                next_test                 
------------------------------------------
 Test starting: function_replace_encoding
(1 row)

 res 
-----
 t
(1 row)

 res 
-----
 t
(1 row)

 res_1 | res_2 
-------+-------
 t     | t
(1 row)

 res_1 | res_2 
-------+-------
 t     | t
(1 row)

 res_1 | res_2 
-------+-------
 t     | t
(1 row)

               next_test                
----------------------------------------
 Test starting: function_replace_latin1
(1 row)

 res 
-----
 t
(1 row)

 res 
-----
 t
(1 row)

 res_1 | res_2 
-------+-------
 t     | t
(1 row)

 res_1 | res_2 
-------+-------
 t     | t
(1 row)

 res_1 | res_2 
-------+-------
 t     | t
(1 row)

                      next_test                      
-----------------------------------------------------
 Test starting: function_return_not_part_of_encoding
(1 row)

 res 
-----
 t
(1 row)

 res_1 | res_2 
-------+-------
 t     | t
(1 row)

                 next_test                  
--------------------------------------------
 Test starting: aggregate_function_gap_fill
(1 row)

 res 
-----
 t
(1 row)

 res 
-----
 t
(1 row)

 res 
-----
 t
(1 row)

            next_test            
---------------------------------
 Test starting: function_date_de
(1 row)

 res 
-----
 t
(1 row)

 res 
-----
 t
(1 row)

              next_test              
-------------------------------------
 Test starting: function_datetime_de
(1 row)

 res 
-----
 t
(1 row)

 res 
-----
 t
(1 row)

                 next_test                 
-------------------------------------------
 Test starting: function_to_unix_timestamp
(1 row)

 res 
-----
 t
(1 row)

 res 
-----
 t
(1 row)

 res 
-----
 t
(1 row)

            next_test             
----------------------------------
 Test starting: function_is_empty
(1 row)

             next_test             
-----------------------------------
 Test starting: function_array_max
(1 row)

 res 
-----
 t
(1 row)

 res 
-----
 t
(1 row)

 res_1 
-------
 t
(1 row)

 res_1 
-------
 t
(1 row)

 res_1 
-------
 t
(1 row)

 res_1 
-------
 t
(1 row)

 res_1 
-------
 t
(1 row)

 res_1 
-------
 t
(1 row)

 res_1 
-------
 t
(1 row)

             next_test             
-----------------------------------
 Test starting: function_array_min
(1 row)

 res 
-----
 t
(1 row)

 res 
-----
 t
(1 row)

 res_1 
-------
 t
(1 row)

 res_1 
-------
 t
(1 row)

 res_1 
-------
 t
(1 row)

 res_1 
-------
 t
(1 row)

 res_1 
-------
 t
(1 row)

 res_1 
-------
 t
(1 row)

 res_1 
-------
 t
(1 row)

             next_test             
-----------------------------------
 Test starting: function_array_avg
(1 row)

 res 
-----
 t
(1 row)

 res 
-----
 t
(1 row)

 res_1 
-------
 t
(1 row)

 res_1 
-------
 t
(1 row)

 res_1 
-------
 t
(1 row)

 res_1 
-------
 t
(1 row)

 res_1 
-------
 t
(1 row)

 res_1 
-------
 t
(1 row)

             next_test             
-----------------------------------
 Test starting: function_array_sum
(1 row)

 res 
-----
 t
(1 row)

 res 
-----
 t
(1 row)

 res_1 
-------
 t
(1 row)

 res_1 
-------
 t
(1 row)

 res_1 
-------
 t
(1 row)

 res_1 
-------
 t
(1 row)

 res_1 
-------
 t
(1 row)

 res_1 
-------
 t
(1 row)

             next_test              
------------------------------------
 Test starting: function_array_trim
(1 row)

 res 
-----
 t
(1 row)

 res 
-----
 t
(1 row)

 res_1 
-------
 t
(1 row)

 res_1 
-------
 t
(1 row)

 res_1 
-------
 t
(1 row)

 res_1 
-------
 t
(1 row)

 res_1 
-------
 t
(1 row)

 res_1 
-------
 t
(1 row)

 res_1 
-------
 t
(1 row)

 res_1 
-------
 t
(1 row)

 res_1 
-------
 t
(1 row)

 res_1 
-------
 t
(1 row)

 res_1 
-------
 t
(1 row)

 res_1 
-------
 t
(1 row)

 res_1 
-------
 t
(1 row)

 res_1 
-------
 t
(1 row)

 res_1 
-------
 t
(1 row)

 res_1 
-------
 t
(1 row)

 res_1 
-------
 t
(1 row)

 res_1 
-------
 t
(1 row)

 res_1 
-------
 t
(1 row)

 res_1 
-------
 t
(1 row)

              next_test              
-------------------------------------
 Test starting: view_pg_active_locks
(1 row)

 res 
-----
 t
(1 row)

 res 
-----
 t
(1 row)

                next_test                
-----------------------------------------
 Test starting: view_pg_object_ownership
(1 row)

 res 
-----
 t
(1 row)

 res 
-----
 t
(1 row)

             next_test             
-----------------------------------
 Test starting: view_pg_bloat_info
(1 row)

 res 
-----
 t
(1 row)

 res 
-----
 t
(1 row)

               next_test               
---------------------------------------
 Test starting: view_pg_unused_indexes
(1 row)

 res 
-----
 t
(1 row)

 res 
-----
 t
(1 row)

             next_test              
------------------------------------
 Test starting: function_hex2bigint
(1 row)

 res 
-----
 t
(1 row)

 res 
-----
 t
(1 row)

           next_test            
--------------------------------
 Test starting: function_is_hex
(1 row)

 res 
-----
 t
(1 row)

 res 
-----
 t
(1 row)

 res 
-----
 t
(1 row)

 res 
-----
 t
(1 row)

                next_test                
-----------------------------------------
 Test starting: function_is_bigint_array
(1 row)

 res 
-----
 t
(1 row)

 res 
-----
 t
(1 row)

 res 
-----
 t
(1 row)

 res 
-----
 t
(1 row)

                next_test                 
------------------------------------------
 Test starting: function_is_integer_array
(1 row)

 res 
-----
 t
(1 row)

 res 
-----
 t
(1 row)

 res 
-----
 t
(1 row)

 res 
-----
 t
(1 row)

                 next_test                 
-------------------------------------------
 Test starting: function_is_smallint_array
(1 row)

 res 
-----
 t
(1 row)

 res 
-----
 t
(1 row)

 res 
-----
 t
(1 row)

 res 
-----
 t
(1 row)

               next_test               
---------------------------------------
 Test starting: function_is_text_array
(1 row)

 res 
-----
 t
(1 row)

 res 
-----
 t
(1 row)

 res 
-----
 t
(1 row)

 res 
-----
 t
(1 row)

